задание: 2.1.6
проект: 211-command-usb
устройство: 2e8a:000a
серийный номер: 5303284730B4A41C
порт: COM3
начало: 2026-09-26T15:57:27
   0.000 --> boot_info
   0.298 <-- boot_info
   0.298 <-- dbg read_line:115 got boot_info
   0.299 <-- vector table   0x10000100
   0.299 <-- stack top    0x20042000
   0.300 <-- reset        0x100001f7
   0.300 <-- reset (even) 0x100001f6
   0.301 <-- gpio in        0xd0000004
   0.301 <-- led bit      0
   0.302 <-- gpio_get     0
   2.338 --> enable
   2.519 <-- enable
   2.520 <-- dbg read_line:115 got enable
   2.521 <-- inf cmd_enable:24 led on
   4.562 --> boot_info
   4.860 <-- boot_info
   4.861 <-- dbg read_line:115 got boot_info
   4.861 <-- vector table   0x10000100
   4.862 <-- stack top    0x20042000
   4.862 <-- reset        0x100001f7
   4.863 <-- reset (even) 0x100001f6
   4.863 <-- gpio in        0xd0000004
   4.863 <-- led bit      1
   4.863 <-- gpio_get     1
   6.907 --> disable
   7.141 <-- disable
   7.141 <-- dbg read_line:115 got disable
   7.142 <-- inf cmd_disable:30 led off
   9.173 --> boot_info
   9.451 <-- boot_info
   9.452 <-- dbg read_line:115 got boot_info
   9.453 <-- vector table   0x10000100
   9.453 <-- stack top    0x20042000
   9.454 <-- reset        0x100001f7
   9.454 <-- reset (even) 0x100001f6
   9.454 <-- gpio in        0xd0000004
   9.455 <-- led bit      0
   9.455 <-- gpio_get     0
итог: отправлено команд 5, принято строк 33
