задание: 2.1.3
проект: 211-command-usb
устройство: 2e8a:000a
серийный номер: 5303284730B4A41C
порт: COM3
начало: 2026-09-22T20:16:33
   0.000 --> mem_info
   0.253 <-- mem_info
   0.254 <-- dbg read_line:125 got mem_info
   0.255 <-- area       start      end            size
   0.256 <-- flash      0x10000000 0x10200000  2097152
   0.257 <-- sram       0x20000000 0x20042000   270336
   0.257 <-- rom        0x00000000 0x00004000    16384
   0.258 <-- image      0x10000000 0x10009c88    40072
   0.258 <-- free       0x10009c88 0x10200000  2057080
   0.259 <-- boot2      0x10000000 0x10000100      256
   0.259 <-- text       0x10000100 0x100086c4    34244
   0.260 <-- data flash 0x100086c4 0x10009c88     5572
   0.260 <-- data ram   0x200000c0 0x20001684     5572
   0.261 <-- bss        0x20001684 0x20002444     3520
   0.261 <-- heap       0x20002444 0x20040000   252860
   0.262 <-- stack      0x20041800 0x20042000     2048
   0.263 <-- image size:       40072 bytes (boot2 + text + data)
   0.263 <-- flash free:     2057080 bytes
   0.264 <-- ram used:          9092 bytes (data + bss)
   0.264 <-- ram free:        254908 bytes (heap + stack)
итог: отправлено команд 1, принято строк 19
